
~/workspace$ git commit -m "fix:added some features "
On branch main
Your branch is up to date with 'origin/main'.

nothing to commit, working tree clean
~/workspace$ git push 
Everything up-to-date
~/workspace$ git add .
~/workspace$ git commit -m "fix:added some features "
On branch main
Your branch is ahead of 'origin/main' by 1 commit.
  (use "git push" to publish your local commits)

nothing to commit, working tree clean
~/workspace$ git push 
Enumerating objects: 11, done.
Counting objects: 100% (11/11), done.
Delta compression using up to 8 threads
Compressing objects: 100% (6/6), done.
Writing objects: 100% (6/6), 1.55 KiB | 1.55 MiB/s, done.
Total 6 (delta 3), reused 0 (delta 0), pack-reused 0 (from 0)
remote: Resolving deltas: 100% (3/3), completed with 3 local objects.
To https://github.com/snmndng/august
   2588e1c..4f35bad  main -> main
~/workspace$ git add .
~/workspace$ git commit -m "fix:added some features "
On branch main
Your branch is ahead of 'origin/main' by 1 commit.
  (use "git push" to publish your local commits)

nothing to commit, working tree clean
~/workspace$ git push 
To https://github.com/snmndng/august
 ! [rejected]        main -> main (fetch first)
error: failed to push some refs to 'https://github.com/snmndng/august'
hint: Updates were rejected because the remote contains work that you do not
hint: have locally. This is usually caused by another repository pushing to
hint: the same ref. If you want to integrate the remote changes, use
hint: 'git pull' before pushing again.
hint: See the 'Note about fast-forwards' in 'git push --help' for details.
~/workspace$ git pull 
remote: Enumerating objects: 862, done.
remote: Counting objects: 100% (756/756), done.
remote: Compressing objects: 100% (374/374), done.
remote: Total 682 (delta 305), reused 629 (delta 252), pack-reused 0 (from 0)
Receiving objects: 100% (682/682), 145.94 MiB | 20.82 MiB/s, done.
Resolving deltas: 100% (305/305), completed with 29 local objects.
From https://github.com/snmndng/august
   4f35bad..6205cd7  main        -> origin/main
 * [new branch]      buildingfix -> origin/buildingfix
hint: You have divergent branches and need to specify how to reconcile them.
hint: You can do so by running one of the following commands sometime before
hint: your next pull:
hint:
hint:   git config pull.rebase false  # merge
hint:   git config pull.rebase true   # rebase
hint:   git config pull.ff only       # fast-forward only
hint:
hint: You can replace "git config" with "git config --global" to set a default
hint: preference for all repositories. You can also pass --rebase, --no-rebase,
hint: or --ff-only on the command line to override the configured default per
hint: invocation.
fatal: Need to specify how to reconcile divergent branches.
~/workspace$ git branch -a
* main
  replit-agent
  remotes/origin/HEAD -> origin/main
  remotes/origin/buildingfix
  remotes/origin/main
~/workspace$ git pull 